Archive member included because of file (symbol)

/opt/local/lib/gcc/avr/4.0.2/avr4/libgcc.a(_exit.o)
                              /opt/local/lib/gcc/avr/4.0.2/../../../../avr/lib/avr4/crtm8.o (exit)
/opt/local/lib/gcc/avr/4.0.2/avr4/libgcc.a(_copy_data.o)
                              main.o (__do_copy_data)
/opt/local/lib/gcc/avr/4.0.2/avr4/libgcc.a(_clear_bss.o)
                              main.o (__do_clear_bss)

Memory Configuration

Name             Origin             Length             Attributes
text             0x00000000         0x00002000         xr
data             0x00800060         0x0000ffa0         rw !x
eeprom           0x00810000         0x00010000         rw !x
*default*        0x00000000         0xffffffff

Linker script and memory map

LOAD /opt/local/lib/gcc/avr/4.0.2/../../../../avr/lib/avr4/crtm8.o
LOAD main.o
LOAD ledm.o
LOAD /opt/local/lib/gcc/avr/4.0.2/../../../../avr/lib/avr4/libm.a
LOAD /opt/local/lib/gcc/avr/4.0.2/avr4/libgcc.a
LOAD /opt/local/lib/gcc/avr/4.0.2/../../../../avr/lib/avr4/libc.a
LOAD /opt/local/lib/gcc/avr/4.0.2/avr4/libgcc.a

.hash
 *(.hash)

.dynsym
 *(.dynsym)

.dynstr
 *(.dynstr)

.gnu.version
 *(.gnu.version)

.gnu.version_d
 *(.gnu.version_d)

.gnu.version_r
 *(.gnu.version_r)

.rel.init
 *(.rel.init)

.rela.init
 *(.rela.init)

.rel.text
 *(.rel.text)
 *(.rel.text.*)
 *(.rel.gnu.linkonce.t*)

.rela.text
 *(.rela.text)
 *(.rela.text.*)
 *(.rela.gnu.linkonce.t*)

.rel.fini
 *(.rel.fini)

.rela.fini
 *(.rela.fini)

.rel.rodata
 *(.rel.rodata)
 *(.rel.rodata.*)
 *(.rel.gnu.linkonce.r*)

.rela.rodata
 *(.rela.rodata)
 *(.rela.rodata.*)
 *(.rela.gnu.linkonce.r*)

.rel.data
 *(.rel.data)
 *(.rel.data.*)
 *(.rel.gnu.linkonce.d*)

.rela.data
 *(.rela.data)
 *(.rela.data.*)
 *(.rela.gnu.linkonce.d*)

.rel.ctors
 *(.rel.ctors)

.rela.ctors
 *(.rela.ctors)

.rel.dtors
 *(.rel.dtors)

.rela.dtors
 *(.rela.dtors)

.rel.got
 *(.rel.got)

.rela.got
 *(.rela.got)

.rel.bss
 *(.rel.bss)

.rela.bss
 *(.rela.bss)

.rel.plt
 *(.rel.plt)

.rela.plt
 *(.rela.plt)

.text           0x00000000      0x38c
 *(.vectors)
 .vectors       0x00000000       0x26 /opt/local/lib/gcc/avr/4.0.2/../../../../avr/lib/avr4/crtm8.o
                0x00000000                __vectors
                0x00000000                __vector_default
                0x00000026                __ctors_start = .
 *(.ctors)
                0x00000026                __ctors_end = .
                0x00000026                __dtors_start = .
 *(.dtors)
                0x00000026                __dtors_end = .
 *(.progmem.gcc*)
 *(.progmem*)
                0x00000026                . = ALIGN (0x2)
 *(.init0)
 *(.init1)
 *(.init2)
 .init2         0x00000026        0xc /opt/local/lib/gcc/avr/4.0.2/../../../../avr/lib/avr4/crtm8.o
 *(.init3)
 *(.init4)
 .init4         0x00000032       0x16 /opt/local/lib/gcc/avr/4.0.2/avr4/libgcc.a(_copy_data.o)
                0x00000032                __do_copy_data
 .init4         0x00000048       0x10 /opt/local/lib/gcc/avr/4.0.2/avr4/libgcc.a(_clear_bss.o)
                0x00000048                __do_clear_bss
 *(.init5)
 *(.init6)
 *(.init7)
 *(.init8)
 *(.init9)
 .init9         0x00000058        0x4 /opt/local/lib/gcc/avr/4.0.2/../../../../avr/lib/avr4/crtm8.o
 *(.text)
 .text          0x0000005c        0x2 /opt/local/lib/gcc/avr/4.0.2/../../../../avr/lib/avr4/crtm8.o
                0x0000005c                __vector_1
                0x0000005c                __vector_12
                0x0000005c                __bad_interrupt
                0x0000005c                __vector_6
                0x0000005c                __vector_3
                0x0000005c                __vector_11
                0x0000005c                __vector_13
                0x0000005c                __vector_17
                0x0000005c                __vector_7
                0x0000005c                __vector_5
                0x0000005c                __vector_4
                0x0000005c                __vector_9
                0x0000005c                __vector_2
                0x0000005c                __vector_15
                0x0000005c                __vector_8
                0x0000005c                __vector_14
                0x0000005c                __vector_10
                0x0000005c                __vector_16
                0x0000005c                __vector_18
 .text          0x0000005e      0x1f0 main.o
                0x0000005e                main
 .text          0x0000024e      0x13c ledm.o
                0x0000030c                scroll_v
                0x00000370                clr_px
                0x00000266                scroll_h
                0x0000024e                clear_fb
                0x00000356                set_px
                0x0000038a                . = ALIGN (0x2)
 *(.text.*)
                0x0000038a                . = ALIGN (0x2)
 *(.fini9)
 *(.fini8)
 *(.fini7)
 *(.fini6)
 *(.fini5)
 *(.fini4)
 *(.fini3)
 *(.fini2)
 *(.fini1)
 *(.fini0)
 .fini0         0x0000038a        0x2 /opt/local/lib/gcc/avr/4.0.2/avr4/libgcc.a(_exit.o)
                0x0000038c                _etext = .

.data           0x00800060        0x8 load address 0x0000038c
                0x00800060                PROVIDE (__data_start, .)
 *(.data)
 .data          0x00800060        0x8 ledm.o
                0x00800060                gamma_table
 *(.gnu.linkonce.d*)
                0x00800068                . = ALIGN (0x2)
                0x00800068                _edata = .
                0x00800068                PROVIDE (__data_end, .)

.bss            0x00800068        0x0
                0x00800068                PROVIDE (__bss_start, .)
 *(.bss)
 *(COMMON)
                0x00800068                PROVIDE (__bss_end, .)
                0x0000038c                __data_load_start = LOADADDR (.data)
                0x00000394                __data_load_end = (__data_load_start + SIZEOF (.data))

.noinit         0x00800068        0x0
                0x00800068                PROVIDE (__noinit_start, .)
 *(.noinit*)
                0x00800068                PROVIDE (__noinit_end, .)
                0x00800068                _end = .
                0x00800068                PROVIDE (__heap_start, .)

.eeprom         0x00810000        0x0
 *(.eeprom*)
                0x00810000                __eeprom_end = .

.stab           0x00000000     0x1050
 *(.stab)
 .stab          0x00000000      0x378 /opt/local/lib/gcc/avr/4.0.2/../../../../avr/lib/avr4/crtm8.o
 .stab          0x00000378      0x7f8 main.o
                                0x804 (size before relaxing)
 .stab          0x00000b70      0x4e0 ledm.o
                                0x66c (size before relaxing)

.stabstr        0x00000000      0x9a9
 *(.stabstr)
 .stabstr       0x00000000      0x9a9 /opt/local/lib/gcc/avr/4.0.2/../../../../avr/lib/avr4/crtm8.o

.stab.excl
 *(.stab.excl)

.stab.exclstr
 *(.stab.exclstr)

.stab.index
 *(.stab.index)

.stab.indexstr
 *(.stab.indexstr)

.comment
 *(.comment)

.debug
 *(.debug)

.line
 *(.line)

.debug_srcinfo
 *(.debug_srcinfo)

.debug_sfnames
 *(.debug_sfnames)

.debug_aranges
 *(.debug_aranges)

.debug_pubnames
 *(.debug_pubnames)

.debug_info
 *(.debug_info)
 *(.gnu.linkonce.wi.*)

.debug_abbrev
 *(.debug_abbrev)

.debug_line
 *(.debug_line)

.debug_frame
 *(.debug_frame)

.debug_str
 *(.debug_str)

.debug_loc
 *(.debug_loc)

.debug_macinfo
 *(.debug_macinfo)
OUTPUT(main.elf elf32-avr)

Cross Reference Table

Symbol                                            File
__bad_interrupt                                   /opt/local/lib/gcc/avr/4.0.2/../../../../avr/lib/avr4/crtm8.o
__bss_end                                         /opt/local/lib/gcc/avr/4.0.2/avr4/libgcc.a(_clear_bss.o)
__bss_start                                       /opt/local/lib/gcc/avr/4.0.2/avr4/libgcc.a(_clear_bss.o)
__data_end                                        /opt/local/lib/gcc/avr/4.0.2/avr4/libgcc.a(_copy_data.o)
__data_load_start                                 /opt/local/lib/gcc/avr/4.0.2/avr4/libgcc.a(_copy_data.o)
__data_start                                      /opt/local/lib/gcc/avr/4.0.2/avr4/libgcc.a(_copy_data.o)
__do_clear_bss                                    /opt/local/lib/gcc/avr/4.0.2/avr4/libgcc.a(_clear_bss.o)
                                                  ledm.o
                                                  main.o
__do_copy_data                                    /opt/local/lib/gcc/avr/4.0.2/avr4/libgcc.a(_copy_data.o)
                                                  ledm.o
                                                  main.o
__heap_end                                        /opt/local/lib/gcc/avr/4.0.2/../../../../avr/lib/avr4/crtm8.o
__init                                            /opt/local/lib/gcc/avr/4.0.2/../../../../avr/lib/avr4/crtm8.o
__stack                                           /opt/local/lib/gcc/avr/4.0.2/../../../../avr/lib/avr4/crtm8.o
                                                  main.o
__vector_1                                        /opt/local/lib/gcc/avr/4.0.2/../../../../avr/lib/avr4/crtm8.o
__vector_10                                       /opt/local/lib/gcc/avr/4.0.2/../../../../avr/lib/avr4/crtm8.o
__vector_11                                       /opt/local/lib/gcc/avr/4.0.2/../../../../avr/lib/avr4/crtm8.o
__vector_12                                       /opt/local/lib/gcc/avr/4.0.2/../../../../avr/lib/avr4/crtm8.o
__vector_13                                       /opt/local/lib/gcc/avr/4.0.2/../../../../avr/lib/avr4/crtm8.o
__vector_14                                       /opt/local/lib/gcc/avr/4.0.2/../../../../avr/lib/avr4/crtm8.o
__vector_15                                       /opt/local/lib/gcc/avr/4.0.2/../../../../avr/lib/avr4/crtm8.o
__vector_16                                       /opt/local/lib/gcc/avr/4.0.2/../../../../avr/lib/avr4/crtm8.o
__vector_17                                       /opt/local/lib/gcc/avr/4.0.2/../../../../avr/lib/avr4/crtm8.o
__vector_18                                       /opt/local/lib/gcc/avr/4.0.2/../../../../avr/lib/avr4/crtm8.o
__vector_2                                        /opt/local/lib/gcc/avr/4.0.2/../../../../avr/lib/avr4/crtm8.o
__vector_3                                        /opt/local/lib/gcc/avr/4.0.2/../../../../avr/lib/avr4/crtm8.o
__vector_4                                        /opt/local/lib/gcc/avr/4.0.2/../../../../avr/lib/avr4/crtm8.o
__vector_5                                        /opt/local/lib/gcc/avr/4.0.2/../../../../avr/lib/avr4/crtm8.o
__vector_6                                        /opt/local/lib/gcc/avr/4.0.2/../../../../avr/lib/avr4/crtm8.o
__vector_7                                        /opt/local/lib/gcc/avr/4.0.2/../../../../avr/lib/avr4/crtm8.o
__vector_8                                        /opt/local/lib/gcc/avr/4.0.2/../../../../avr/lib/avr4/crtm8.o
__vector_9                                        /opt/local/lib/gcc/avr/4.0.2/../../../../avr/lib/avr4/crtm8.o
__vector_default                                  /opt/local/lib/gcc/avr/4.0.2/../../../../avr/lib/avr4/crtm8.o
__vectors                                         /opt/local/lib/gcc/avr/4.0.2/../../../../avr/lib/avr4/crtm8.o
_exit                                             /opt/local/lib/gcc/avr/4.0.2/avr4/libgcc.a(_exit.o)
clear_fb                                          ledm.o
                                                  main.o
clr_px                                            ledm.o
exit                                              /opt/local/lib/gcc/avr/4.0.2/avr4/libgcc.a(_exit.o)
                                                  /opt/local/lib/gcc/avr/4.0.2/../../../../avr/lib/avr4/crtm8.o
gamma_table                                       ledm.o
                                                  main.o
main                                              main.o
                                                  /opt/local/lib/gcc/avr/4.0.2/../../../../avr/lib/avr4/crtm8.o
scroll_h                                          ledm.o
scroll_v                                          ledm.o
set_px                                            ledm.o
                                                  main.o
